0 verbose cli C:\Program Files\nodejs\node.exe C:\ProgramData\Microsoft\Windows\Start Menu\Programs\Node.js\node_global\node_modules\npm\bin\npm-cli.js
1 info using npm@11.6.2
2 info using node@v22.17.1
3 silly config load:file:C:\ProgramData\Microsoft\Windows\Start Menu\Programs\Node.js\node_global\node_modules\npm\npmrc
4 silly config load:file:C:\Users\zhu61\Desktop\Damai2.0\.npmrc
5 silly config load:file:C:\Users\zhu61\.npmrc
6 silly config load:file:C:\ProgramData\Microsoft\Windows\Start Menu\Programs\Node.js\node_global\etc\npmrc
7 verbose title npm install pinia element-plus axios @element-plus/icons-vue
8 verbose argv "install" "pinia" "element-plus" "axios" "@element-plus/icons-vue" "--cache" ".npm-cache"
9 verbose logfile logs-max:10 dir:C:\Users\zhu61\Desktop\Damai2.0\.npm-cache\_logs\2026-01-10T13_56_58_389Z-
10 verbose logfile C:\Users\zhu61\Desktop\Damai2.0\.npm-cache\_logs\2026-01-10T13_56_58_389Z-debug-0.log
11 silly logfile done cleaning log files
12 silly packumentCache heap:4345298944 maxSize:1086324736 maxEntrySize:543162368
13 verbose shrinkwrap failed to load node_modules/.package-lock.json out of date, updated: node_modules
14 silly idealTree buildDeps
15 silly fetch manifest pinia@*
16 silly packumentCache full:https://registry.npmmirror.com/pinia cache-miss
17 http fetch GET 200 https://registry.npmmirror.com/npm 429ms
18 http fetch GET 200 https://registry.npmmirror.com/pinia 271ms (cache miss)
19 silly packumentCache full:https://registry.npmmirror.com/pinia set size:75692 disposed:false
20 silly fetch manifest typescript@>=4.5.0
21 silly packumentCache full:https://registry.npmmirror.com/typescript cache-miss
22 http fetch GET 200 https://registry.npmmirror.com/typescript 182ms (cache miss)
23 silly packumentCache full:https://registry.npmmirror.com/typescript set size:1651954 disposed:false
24 silly fetch manifest vue@^3.2.13
25 silly packumentCache full:https://registry.npmmirror.com/vue cache-miss
26 http fetch GET 200 https://registry.npmmirror.com/vue 153ms (cache miss)
27 silly packumentCache full:https://registry.npmmirror.com/vue set size:365436 disposed:false
28 silly fetch manifest element-plus@*
29 silly packumentCache full:https://registry.npmmirror.com/element-plus cache-miss
30 http fetch GET 200 https://registry.npmmirror.com/element-plus 44ms (cache miss)
31 silly packumentCache full:https://registry.npmmirror.com/element-plus set size:161838 disposed:false
32 silly fetch manifest typescript@*
33 silly packumentCache full:https://registry.npmmirror.com/typescript cache-miss
34 http cache https://registry.npmmirror.com/typescript 37ms (cache hit)
35 silly packumentCache full:https://registry.npmmirror.com/typescript set size:14349497 disposed:false
36 silly fetch manifest axios@*
37 silly packumentCache full:https://registry.npmmirror.com/axios cache-miss
38 http fetch GET 200 https://registry.npmmirror.com/axios 52ms (cache miss)
39 silly packumentCache full:https://registry.npmmirror.com/axios set size:114501 disposed:false
40 silly fetch manifest @element-plus/icons-vue@*
41 silly packumentCache full:https://registry.npmmirror.com/@element-plus%2ficons-vue cache-miss
42 http fetch GET 200 https://registry.npmmirror.com/@element-plus%2ficons-vue 41ms (cache miss)
43 silly packumentCache full:https://registry.npmmirror.com/@element-plus%2ficons-vue set size:34535 disposed:false
44 silly placeDep ROOT @element-plus/icons-vue@2.3.2 OK for: vue@0.1.0 want: *
45 silly placeDep ROOT axios@1.13.2 OK for: vue@0.1.0 want: *
46 silly placeDep ROOT element-plus@2.13.1 OK for: vue@0.1.0 want: *
47 silly placeDep ROOT pinia@3.0.4 OK for: vue@0.1.0 want: *
48 silly fetch manifest form-data@^4.0.4
49 silly packumentCache full:https://registry.npmmirror.com/form-data cache-miss
50 silly fetch manifest proxy-from-env@^1.1.0
51 silly packumentCache full:https://registry.npmmirror.com/proxy-from-env cache-miss
52 silly fetch manifest @ctrl/tinycolor@^3.4.1
53 silly packumentCache full:https://registry.npmmirror.com/@ctrl%2ftinycolor cache-miss
54 silly fetch manifest @floating-ui/dom@^1.0.1
55 silly packumentCache full:https://registry.npmmirror.com/@floating-ui%2fdom cache-miss
56 silly fetch manifest @popperjs/core@npm:@sxzz/popperjs-es@^2.11.7
57 silly packumentCache full:https://registry.npmmirror.com/@sxzz%2fpopperjs-es cache-miss
58 silly fetch manifest @types/lodash@^4.17.20
59 silly packumentCache full:https://registry.npmmirror.com/@types%2flodash cache-miss
60 silly fetch manifest @types/lodash-es@^4.17.12
61 silly packumentCache full:https://registry.npmmirror.com/@types%2flodash-es cache-miss
62 silly fetch manifest @vueuse/core@^10.11.0
63 silly packumentCache full:https://registry.npmmirror.com/@vueuse%2fcore cache-miss
64 silly fetch manifest async-validator@^4.2.5
65 silly packumentCache full:https://registry.npmmirror.com/async-validator cache-miss
66 silly fetch manifest dayjs@^1.11.19
67 silly packumentCache full:https://registry.npmmirror.com/dayjs cache-miss
68 silly fetch manifest lodash-es@^4.17.21
69 silly packumentCache full:https://registry.npmmirror.com/lodash-es cache-miss
70 silly fetch manifest lodash-unified@^1.0.3
71 silly packumentCache full:https://registry.npmmirror.com/lodash-unified cache-miss
72 silly fetch manifest memoize-one@^6.0.0
73 silly packumentCache full:https://registry.npmmirror.com/memoize-one cache-miss
74 silly fetch manifest normalize-wheel-es@^1.2.0
75 silly packumentCache full:https://registry.npmmirror.com/normalize-wheel-es cache-miss
76 silly fetch manifest @vue/devtools-api@^7.7.7
77 silly packumentCache full:https://registry.npmmirror.com/@vue%2fdevtools-api cache-miss
78 http fetch GET 200 https://registry.npmmirror.com/proxy-from-env 46ms (cache miss)
79 silly packumentCache full:https://registry.npmmirror.com/proxy-from-env set size:4747 disposed:false
80 http fetch GET 200 https://registry.npmmirror.com/form-data 47ms (cache miss)
81 silly packumentCache full:https://registry.npmmirror.com/form-data set size:25145 disposed:false
82 http fetch GET 200 https://registry.npmmirror.com/@types%2flodash-es 163ms (cache miss)
83 silly packumentCache full:https://registry.npmmirror.com/@types%2flodash-es set size:9010 disposed:false
84 http fetch GET 200 https://registry.npmmirror.com/@sxzz%2fpopperjs-es 165ms (cache miss)
85 silly packumentCache full:https://registry.npmmirror.com/@sxzz%2fpopperjs-es set size:12341 disposed:false
86 http fetch GET 200 https://registry.npmmirror.com/lodash-unified 180ms (cache miss)
87 silly packumentCache full:https://registry.npmmirror.com/lodash-unified set size:4317 disposed:false
88 http fetch GET 200 https://registry.npmmirror.com/@ctrl%2ftinycolor 183ms (cache miss)
89 silly packumentCache full:https://registry.npmmirror.com/@ctrl%2ftinycolor set size:30467 disposed:false
90 http fetch GET 200 https://registry.npmmirror.com/dayjs 197ms (cache miss)
91 silly packumentCache full:https://registry.npmmirror.com/dayjs set size:57835 disposed:false
92 http fetch GET 200 https://registry.npmmirror.com/normalize-wheel-es 202ms (cache miss)
93 silly packumentCache full:https://registry.npmmirror.com/normalize-wheel-es set size:5576 disposed:false
94 http fetch GET 200 https://registry.npmmirror.com/memoize-one 212ms (cache miss)
95 silly packumentCache full:https://registry.npmmirror.com/memoize-one set size:21734 disposed:false
96 http fetch GET 200 https://registry.npmmirror.com/async-validator 216ms (cache miss)
97 silly packumentCache full:https://registry.npmmirror.com/async-validator set size:33991 disposed:false
98 http fetch GET 200 https://registry.npmmirror.com/@vue%2fdevtools-api 262ms (cache miss)
99 silly packumentCache full:https://registry.npmmirror.com/@vue%2fdevtools-api set size:68071 disposed:false
100 http fetch GET 200 https://registry.npmmirror.com/lodash-es 266ms (cache miss)
101 silly packumentCache full:https://registry.npmmirror.com/lodash-es set size:17493 disposed:false
102 http fetch GET 200 https://registry.npmmirror.com/@floating-ui%2fdom 290ms (cache miss)
103 silly packumentCache full:https://registry.npmmirror.com/@floating-ui%2fdom set size:60729 disposed:false
104 http fetch GET 200 https://registry.npmmirror.com/@types%2flodash 322ms (cache miss)
105 silly packumentCache full:https://registry.npmmirror.com/@types%2flodash set size:77762 disposed:false
106 http fetch GET 200 https://registry.npmmirror.com/@vueuse%2fcore 360ms (cache miss)
107 silly packumentCache full:https://registry.npmmirror.com/@vueuse%2fcore set size:175699 disposed:false
108 silly placeDep ROOT form-data@4.0.5 OK for: axios@1.13.2 want: ^4.0.4
109 silly placeDep ROOT proxy-from-env@1.1.0 OK for: axios@1.13.2 want: ^1.1.0
110 silly fetch manifest asynckit@^0.4.0
111 silly packumentCache full:https://registry.npmmirror.com/asynckit cache-miss
112 silly fetch manifest combined-stream@^1.0.8
113 silly packumentCache full:https://registry.npmmirror.com/combined-stream cache-miss
114 silly fetch manifest es-set-tostringtag@^2.1.0
115 silly packumentCache full:https://registry.npmmirror.com/es-set-tostringtag cache-miss
116 http fetch GET 200 https://registry.npmmirror.com/asynckit 43ms (cache miss)
117 silly packumentCache full:https://registry.npmmirror.com/asynckit set size:4942 disposed:false
118 http fetch GET 200 https://registry.npmmirror.com/combined-stream 44ms (cache miss)
119 silly packumentCache full:https://registry.npmmirror.com/combined-stream set size:7154 disposed:false
120 http fetch GET 200 https://registry.npmmirror.com/es-set-tostringtag 50ms (cache miss)
121 silly packumentCache full:https://registry.npmmirror.com/es-set-tostringtag set size:6558 disposed:false
122 silly fetch manifest lodash@^4.17.21
123 silly packumentCache full:https://registry.npmmirror.com/lodash cache-miss
124 http fetch GET 200 https://registry.npmmirror.com/lodash 64ms (cache miss)
125 silly packumentCache full:https://registry.npmmirror.com/lodash set size:27645 disposed:false
126 silly placeDep ROOT @ctrl/tinycolor@3.6.1 OK for: element-plus@2.13.1 want: ^3.4.1
127 silly placeDep ROOT @floating-ui/dom@1.7.4 OK for: element-plus@2.13.1 want: ^1.0.1
128 silly placeDep ROOT @popperjs/core@2.11.7 OK for: element-plus@2.13.1 want: npm:@sxzz/popperjs-es@^2.11.7
129 silly placeDep ROOT @types/lodash@4.17.23 OK for: element-plus@2.13.1 want: ^4.17.20
130 silly placeDep ROOT @types/lodash-es@4.17.12 OK for: element-plus@2.13.1 want: ^4.17.12
131 silly placeDep ROOT @vueuse/core@10.11.1 OK for: element-plus@2.13.1 want: ^10.11.0
132 silly placeDep ROOT async-validator@4.2.5 OK for: element-plus@2.13.1 want: ^4.2.5
133 silly placeDep ROOT dayjs@1.11.19 OK for: element-plus@2.13.1 want: ^1.11.19
134 silly placeDep ROOT lodash-es@4.17.22 OK for: element-plus@2.13.1 want: ^4.17.21
135 silly placeDep ROOT lodash-unified@1.0.3 OK for: element-plus@2.13.1 want: ^1.0.3
136 silly placeDep ROOT memoize-one@6.0.0 OK for: element-plus@2.13.1 want: ^6.0.0
137 silly placeDep ROOT normalize-wheel-es@1.2.0 OK for: element-plus@2.13.1 want: ^1.2.0
138 silly fetch manifest @floating-ui/core@^1.7.3
139 silly packumentCache full:https://registry.npmmirror.com/@floating-ui%2fcore cache-miss
140 silly fetch manifest @floating-ui/utils@^0.2.10
141 silly packumentCache full:https://registry.npmmirror.com/@floating-ui%2futils cache-miss
142 silly fetch manifest @types/web-bluetooth@^0.0.20
143 silly packumentCache full:https://registry.npmmirror.com/@types%2fweb-bluetooth cache-miss
144 silly fetch manifest @vueuse/metadata@10.11.1
145 silly packumentCache full:https://registry.npmmirror.com/@vueuse%2fmetadata cache-miss
146 silly fetch manifest @vueuse/shared@10.11.1
147 silly packumentCache full:https://registry.npmmirror.com/@vueuse%2fshared cache-miss
148 silly fetch manifest vue-demi@>=0.14.8
149 silly packumentCache full:https://registry.npmmirror.com/vue-demi cache-miss
150 http fetch GET 200 https://registry.npmmirror.com/@types%2fweb-bluetooth 59ms (cache miss)
151 silly packumentCache full:https://registry.npmmirror.com/@types%2fweb-bluetooth set size:11994 disposed:false
152 http fetch GET 200 https://registry.npmmirror.com/@floating-ui%2futils 70ms (cache miss)
153 silly packumentCache full:https://registry.npmmirror.com/@floating-ui%2futils set size:8407 disposed:false
154 http fetch GET 200 https://registry.npmmirror.com/vue-demi 90ms (cache miss)
155 silly packumentCache full:https://registry.npmmirror.com/vue-demi set size:41379 disposed:false
156 http fetch GET 200 https://registry.npmmirror.com/@floating-ui%2fcore 149ms (cache miss)
157 silly packumentCache full:https://registry.npmmirror.com/@floating-ui%2fcore set size:45193 disposed:false
158 http fetch GET 200 https://registry.npmmirror.com/@vueuse%2fshared 195ms (cache miss)
159 silly packumentCache full:https://registry.npmmirror.com/@vueuse%2fshared set size:134365 disposed:false
160 http fetch GET 200 https://registry.npmmirror.com/@vueuse%2fmetadata 200ms (cache miss)
161 silly packumentCache full:https://registry.npmmirror.com/@vueuse%2fmetadata set size:86897 disposed:false
162 silly placeDep ROOT @floating-ui/core@1.7.3 OK for: @floating-ui/dom@1.7.4 want: ^1.7.3
163 silly placeDep ROOT @floating-ui/utils@0.2.10 OK for: @floating-ui/dom@1.7.4 want: ^0.2.10
164 silly fetch manifest @vue/composition-api@^1.0.0-rc.1
165 silly packumentCache full:https://registry.npmmirror.com/@vue%2fcomposition-api cache-miss
166 http fetch GET 200 https://registry.npmmirror.com/@vue%2fcomposition-api 88ms (cache miss)
167 silly packumentCache full:https://registry.npmmirror.com/@vue%2fcomposition-api set size:60414 disposed:false
168 silly fetch manifest vue@>= 2.5 < 2.7
169 silly packumentCache full:https://registry.npmmirror.com/vue cache-hit
170 silly placeDep ROOT @types/web-bluetooth@0.0.20 OK for: @vueuse/core@10.11.1 want: ^0.0.20
171 silly placeDep ROOT @vueuse/metadata@10.11.1 OK for: @vueuse/core@10.11.1 want: 10.11.1
172 silly placeDep ROOT @vueuse/shared@10.11.1 OK for: @vueuse/core@10.11.1 want: 10.11.1
173 silly placeDep node_modules/@vueuse/core vue-demi@0.14.10 OK for: @vueuse/core@10.11.1 want: >=0.14.8
174 silly placeDep node_modules/@vueuse/shared vue-demi@0.14.10 OK for: @vueuse/shared@10.11.1 want: >=0.14.8
175 silly placeDep ROOT asynckit@0.4.0 OK for: form-data@4.0.5 want: ^0.4.0
176 silly placeDep ROOT combined-stream@1.0.8 OK for: form-data@4.0.5 want: ^1.0.8
177 silly placeDep ROOT es-set-tostringtag@2.1.0 OK for: form-data@4.0.5 want: ^2.1.0
178 silly fetch manifest delayed-stream@~1.0.0
179 silly packumentCache full:https://registry.npmmirror.com/delayed-stream cache-miss
180 silly fetch manifest has-tostringtag@^1.0.2
181 silly packumentCache full:https://registry.npmmirror.com/has-tostringtag cache-miss
182 http fetch GET 200 https://registry.npmmirror.com/has-tostringtag 56ms (cache miss)
183 silly packumentCache full:https://registry.npmmirror.com/has-tostringtag set size:3448 disposed:false
184 http fetch GET 200 https://registry.npmmirror.com/delayed-stream 57ms (cache miss)
185 silly packumentCache full:https://registry.npmmirror.com/delayed-stream set size:4333 disposed:false
186 silly placeDep ROOT delayed-stream@1.0.0 OK for: combined-stream@1.0.8 want: ~1.0.0
187 silly placeDep ROOT has-tostringtag@1.0.2 OK for: es-set-tostringtag@2.1.0 want: ^1.0.2
188 silly placeDep node_modules/pinia @vue/devtools-api@7.7.9 OK for: pinia@3.0.4 want: ^7.7.7
189 silly fetch manifest @vue/devtools-kit@^7.7.9
190 silly packumentCache full:https://registry.npmmirror.com/@vue%2fdevtools-kit cache-miss
191 http fetch GET 200 https://registry.npmmirror.com/@vue%2fdevtools-kit 85ms (cache miss)
192 silly packumentCache full:https://registry.npmmirror.com/@vue%2fdevtools-kit set size:32474 disposed:false
193 silly placeDep ROOT @vue/devtools-kit@7.7.9 OK for: @vue/devtools-api@7.7.9 want: ^7.7.9
194 silly fetch manifest birpc@^2.3.0
195 silly packumentCache full:https://registry.npmmirror.com/birpc cache-miss
196 silly fetch manifest hookable@^5.5.3
197 silly packumentCache full:https://registry.npmmirror.com/hookable cache-miss
198 silly fetch manifest mitt@^3.0.1
199 silly packumentCache full:https://registry.npmmirror.com/mitt cache-miss
200 silly fetch manifest perfect-debounce@^1.0.0
201 silly packumentCache full:https://registry.npmmirror.com/perfect-debounce cache-miss
202 silly fetch manifest speakingurl@^14.0.1
203 silly packumentCache full:https://registry.npmmirror.com/speakingurl cache-miss
204 silly fetch manifest superjson@^2.2.2
205 silly packumentCache full:https://registry.npmmirror.com/superjson cache-miss
206 silly fetch manifest @vue/devtools-shared@^7.7.9
207 silly packumentCache full:https://registry.npmmirror.com/@vue%2fdevtools-shared cache-miss
208 http fetch GET 200 https://registry.npmmirror.com/superjson 68ms (cache miss)
209 silly packumentCache full:https://registry.npmmirror.com/superjson set size:36840 disposed:false
210 http fetch GET 200 https://registry.npmmirror.com/hookable 71ms (cache miss)
211 silly packumentCache full:https://registry.npmmirror.com/hookable set size:26703 disposed:false
212 http fetch GET 200 https://registry.npmmirror.com/mitt 73ms (cache miss)
213 silly packumentCache full:https://registry.npmmirror.com/mitt set size:9925 disposed:false
214 http fetch GET 200 https://registry.npmmirror.com/speakingurl 75ms (cache miss)
215 silly packumentCache full:https://registry.npmmirror.com/speakingurl set size:26572 disposed:false
216 http fetch GET 200 https://registry.npmmirror.com/perfect-debounce 79ms (cache miss)
217 silly packumentCache full:https://registry.npmmirror.com/perfect-debounce set size:9355 disposed:false
218 http fetch GET 200 https://registry.npmmirror.com/birpc 81ms (cache miss)
219 silly packumentCache full:https://registry.npmmirror.com/birpc set size:27693 disposed:false
220 http fetch GET 200 https://registry.npmmirror.com/@vue%2fdevtools-shared 84ms (cache miss)
221 silly packumentCache full:https://registry.npmmirror.com/@vue%2fdevtools-shared set size:31388 disposed:false
222 silly placeDep ROOT @vue/devtools-shared@7.7.9 OK for: @vue/devtools-kit@7.7.9 want: ^7.7.9
223 silly placeDep ROOT birpc@2.9.0 OK for: @vue/devtools-kit@7.7.9 want: ^2.3.0
224 silly placeDep ROOT hookable@5.5.3 OK for: @vue/devtools-kit@7.7.9 want: ^5.5.3
225 silly placeDep ROOT mitt@3.0.1 OK for: @vue/devtools-kit@7.7.9 want: ^3.0.1
226 silly placeDep ROOT perfect-debounce@1.0.0 OK for: @vue/devtools-kit@7.7.9 want: ^1.0.0
227 silly placeDep ROOT speakingurl@14.0.1 OK for: @vue/devtools-kit@7.7.9 want: ^14.0.1
228 silly placeDep ROOT superjson@2.2.6 OK for: @vue/devtools-kit@7.7.9 want: ^2.2.2
229 silly fetch manifest rfdc@^1.4.1
230 silly packumentCache full:https://registry.npmmirror.com/rfdc cache-miss
231 silly fetch manifest copy-anything@^4
232 silly packumentCache full:https://registry.npmmirror.com/copy-anything cache-miss
233 http fetch GET 200 https://registry.npmmirror.com/rfdc 69ms (cache miss)
234 silly packumentCache full:https://registry.npmmirror.com/rfdc set size:7941 disposed:false
235 http fetch GET 200 https://registry.npmmirror.com/copy-anything 82ms (cache miss)
236 silly packumentCache full:https://registry.npmmirror.com/copy-anything set size:19743 disposed:false
237 silly placeDep ROOT rfdc@1.4.1 OK for: @vue/devtools-shared@7.7.9 want: ^1.4.1
238 silly placeDep ROOT copy-anything@4.0.5 OK for: superjson@2.2.6 want: ^4
239 silly fetch manifest is-what@^5.2.0
240 silly packumentCache full:https://registry.npmmirror.com/is-what cache-miss
241 http fetch GET 200 https://registry.npmmirror.com/is-what 85ms (cache miss)
242 silly packumentCache full:https://registry.npmmirror.com/is-what set size:39312 disposed:false
243 silly placeDep ROOT is-what@5.5.0 OK for: copy-anything@4.0.5 want: ^5.2.0
244 silly reify moves {}
245 silly audit bulk request {
245 silly audit   vue: [ '3.5.26' ],
245 silly audit   '@achrinza/node-ipc': [ '9.2.10' ],
245 silly audit   '@babel/code-frame': [ '7.27.1' ],
245 silly audit   '@babel/compat-data': [ '7.28.5' ],
245 silly audit   '@babel/core': [ '7.28.5' ],
245 silly audit   '@babel/generator': [ '7.28.5' ],
245 silly audit   '@babel/helper-annotate-as-pure': [ '7.27.3' ],
245 silly audit   '@babel/helper-compilation-targets': [ '7.27.2' ],
245 silly audit   '@babel/helper-create-class-features-plugin': [ '7.28.5' ],
245 silly audit   '@babel/helper-create-regexp-features-plugin': [ '7.28.5' ],
245 silly audit   '@babel/helper-define-polyfill-provider': [ '0.6.5' ],
245 silly audit   '@babel/helper-globals': [ '7.28.0' ],
245 silly audit   '@babel/helper-member-expression-to-functions': [ '7.28.5' ],
245 silly audit   '@babel/helper-module-imports': [ '7.27.1' ],
245 silly audit   '@babel/helper-module-transforms': [ '7.28.3' ],
245 silly audit   '@babel/helper-optimise-call-expression': [ '7.27.1' ],
245 silly audit   '@babel/helper-plugin-utils': [ '7.27.1' ],
245 silly audit   '@babel/helper-remap-async-to-generator': [ '7.27.1' ],
245 silly audit   '@babel/helper-replace-supers': [ '7.27.1' ],
245 silly audit   '@babel/helper-skip-transparent-expression-wrappers': [ '7.27.1' ],
245 silly audit   '@babel/helper-string-parser': [ '7.27.1' ],
245 silly audit   '@babel/helper-validator-identifier': [ '7.28.5' ],
245 silly audit   '@babel/helper-validator-option': [ '7.27.1' ],
245 silly audit   '@babel/helper-wrap-function': [ '7.28.3' ],
245 silly audit   '@babel/helpers': [ '7.28.4' ],
245 silly audit   '@babel/parser': [ '7.28.5' ],
245 silly audit   '@babel/plugin-bugfix-firefox-class-in-computed-class-key': [ '7.28.5' ],
245 silly audit   '@babel/plugin-bugfix-safari-class-field-initializer-scope': [ '7.27.1' ],
245 silly audit   '@babel/plugin-bugfix-safari-id-destructuring-collision-in-function-expression': [ '7.27.1' ],
245 silly audit   '@babel/plugin-bugfix-v8-spread-parameters-in-optional-chaining': [ '7.27.1' ],
245 silly audit   '@babel/plugin-bugfix-v8-static-class-fields-redefine-readonly': [ '7.28.3' ],
245 silly audit   '@babel/plugin-proposal-class-properties': [ '7.18.6' ],
245 silly audit   '@babel/plugin-proposal-decorators': [ '7.28.0' ],
245 silly audit   '@babel/plugin-proposal-private-property-in-object': [ '7.21.0-placeholder-for-preset-env.2' ],
245 silly audit   '@babel/plugin-syntax-decorators': [ '7.27.1' ],
245 silly audit   '@babel/plugin-syntax-dynamic-import': [ '7.8.3' ],
245 silly audit   '@babel/plugin-syntax-import-assertions': [ '7.27.1' ],
245 silly audit   '@babel/plugin-syntax-import-attributes': [ '7.27.1' ],
245 silly audit   '@babel/plugin-syntax-jsx': [ '7.27.1' ],
245 silly audit   '@babel/plugin-syntax-unicode-sets-regex': [ '7.18.6' ],
245 silly audit   '@babel/plugin-transform-arrow-functions': [ '7.27.1' ],
245 silly audit   '@babel/plugin-transform-async-generator-functions': [ '7.28.0' ],
245 silly audit   '@babel/plugin-transform-async-to-generator': [ '7.27.1' ],
245 silly audit   '@babel/plugin-transform-block-scoped-functions': [ '7.27.1' ],
245 silly audit   '@babel/plugin-transform-block-scoping': [ '7.28.5' ],
245 silly audit   '@babel/plugin-transform-class-properties': [ '7.27.1' ],
245 silly audit   '@babel/plugin-transform-class-static-block': [ '7.28.3' ],
245 silly audit   '@babel/plugin-transform-classes': [ '7.28.4' ],
245 silly audit   '@babel/plugin-transform-computed-properties': [ '7.27.1' ],
245 silly audit   '@babel/plugin-transform-destructuring': [ '7.28.5' ],
245 silly audit   '@babel/plugin-transform-dotall-regex': [ '7.27.1' ],
245 silly audit   '@babel/plugin-transform-duplicate-keys': [ '7.27.1' ],
245 silly audit   '@babel/plugin-transform-duplicate-named-capturing-groups-regex': [ '7.27.1' ],
245 silly audit   '@babel/plugin-transform-dynamic-import': [ '7.27.1' ],
245 silly audit   '@babel/plugin-transform-explicit-resource-management': [ '7.28.0' ],
245 silly audit   '@babel/plugin-transform-exponentiation-operator': [ '7.28.5' ],
245 silly audit   '@babel/plugin-transform-export-namespace-from': [ '7.27.1' ],
245 silly audit   '@babel/plugin-transform-for-of': [ '7.27.1' ],
245 silly audit   '@babel/plugin-transform-function-name': [ '7.27.1' ],
245 silly audit   '@babel/plugin-transform-json-strings': [ '7.27.1' ],
245 silly audit   '@babel/plugin-transform-literals': [ '7.27.1' ],
245 silly audit   '@babel/plugin-transform-logical-assignment-operators': [ '7.28.5' ],
245 silly audit   '@babel/plugin-transform-member-expression-literals': [ '7.27.1' ],
245 silly audit   '@babel/plugin-transform-modules-amd': [ '7.27.1' ],
245 silly audit   '@babel/plugin-transform-modules-commonjs': [ '7.27.1' ],
245 silly audit   '@babel/plugin-transform-modules-systemjs': [ '7.28.5' ],
245 silly audit   '@babel/plugin-transform-modules-umd': [ '7.27.1' ],
245 silly audit   '@babel/plugin-transform-named-capturing-groups-regex': [ '7.27.1' ],
245 silly audit   '@babel/plugin-transform-new-target': [ '7.27.1' ],
245 silly audit   '@babel/plugin-transform-nullish-coalescing-operator': [ '7.27.1' ],
245 silly audit   '@babel/plugin-transform-numeric-separator': [ '7.27.1' ],
245 silly audit   '@babel/plugin-transform-object-rest-spread': [ '7.28.4' ],
245 silly audit   '@babel/plugin-transform-object-super': [ '7.27.1' ],
245 silly audit   '@babel/plugin-transform-optional-catch-binding': [ '7.27.1' ],
245 silly audit   '@babel/plugin-transform-optional-chaining': [ '7.28.5' ],
245 silly audit   '@babel/plugin-transform-parameters': [ '7.27.7' ],
245 silly audit   '@babel/plugin-transform-private-methods': [ '7.27.1' ],
245 silly audit   '@babel/plugin-transform-private-property-in-object': [ '7.27.1' ],
245 silly audit   '@babel/plugin-transform-property-literals': [ '7.27.1' ],
245 silly audit   '@babel/plugin-transform-regenerator': [ '7.28.4' ],
245 silly audit   '@babel/plugin-transform-regexp-modifiers': [ '7.27.1' ],
245 silly audit   '@babel/plugin-transform-reserved-words': [ '7.27.1' ],
245 silly audit   '@babel/plugin-transform-runtime': [ '7.28.5' ],
245 silly audit   '@babel/plugin-transform-shorthand-properties': [ '7.27.1' ],
245 silly audit   '@babel/plugin-transform-spread': [ '7.27.1' ],
245 silly audit   '@babel/plugin-transform-sticky-regex': [ '7.27.1' ],
245 silly audit   '@babel/plugin-transform-template-literals': [ '7.27.1' ],
245 silly audit   '@babel/plugin-transform-typeof-symbol': [ '7.27.1' ],
245 silly audit   '@babel/plugin-transform-unicode-escapes': [ '7.27.1' ],
245 silly audit   '@babel/plugin-transform-unicode-property-regex': [ '7.27.1' ],
245 silly audit   '@babel/plugin-transform-unicode-regex': [ '7.27.1' ],
245 silly audit   '@babel/plugin-transform-unicode-sets-regex': [ '7.27.1' ],
245 silly audit   '@babel/preset-env': [ '7.28.5' ],
245 silly audit   '@babel/preset-modules': [ '0.1.6-no-external-plugins' ],
245 silly audit   '@babel/runtime': [ '7.28.4' ],
245 silly audit   '@babel/template': [ '7.27.2' ],
245 silly audit   '@babel/traverse': [ '7.28.5' ],
245 silly audit   '@babel/types': [ '7.28.5' ],
245 silly audit   '@discoveryjs/json-ext': [ '0.5.7' ],
245 silly audit   '@hapi/hoek': [ '9.3.0' ],
245 silly audit   '@hapi/topo': [ '5.1.0' ],
245 silly audit   '@jridgewell/gen-mapping': [ '0.3.13' ],
245 silly audit   '@jridgewell/remapping': [ '2.3.5' ],
245 silly audit   '@jridgewell/resolve-uri': [ '3.1.2' ],
245 silly audit   '@jridgewell/source-map': [ '0.3.11' ],
245 silly audit   '@jridgewell/sourcemap-codec': [ '1.5.5' ],
245 silly audit   '@jridgewell/trace-mapping': [ '0.3.31' ],
245 silly audit   '@leichtgewicht/ip-codec': [ '2.0.5' ],
245 silly audit   '@node-ipc/js-queue': [ '2.0.3' ],
245 silly audit   '@nodelib/fs.scandir': [ '2.1.5' ],
245 silly audit   '@nodelib/fs.stat': [ '2.0.5' ],
245 silly audit   '@nodelib/fs.walk': [ '1.2.8' ],
245 silly audit   '@polka/url': [ '1.0.0-next.29' ],
245 silly audit   '@sideway/address': [ '4.1.5' ],
245 silly audit   '@sideway/formula': [ '3.0.1' ],
245 silly audit   '@sideway/pinpoint': [ '2.0.0' ],
245 silly audit   '@soda/friendly-errors-webpack-plugin': [ '1.8.1' ],
245 silly audit   '@soda/get-current-script': [ '1.0.2' ],
245 silly audit   '@trysound/sax': [ '0.2.0' ],
245 silly audit   '@types/body-parser': [ '1.19.6' ],
245 silly audit   '@types/bonjour': [ '3.5.13' ],
245 silly audit   '@types/connect': [ '3.4.38' ],
245 silly audit   '@types/connect-history-api-fallback': [ '1.5.4' ],
245 silly audit   '@types/eslint': [ '9.6.1' ],
245 silly audit   '@types/eslint-scope': [ '3.7.7' ],
245 silly audit   '@types/estree': [ '1.0.8' ],
245 silly audit   '@types/express': [ '4.17.25' ],
245 silly audit   '@types/express-serve-static-core': [ '5.1.1', '4.19.8' ],
245 silly audit   '@types/html-minifier-terser': [ '6.1.0' ],
245 silly audit   '@types/http-errors': [ '2.0.5' ],
245 silly audit   '@types/http-proxy': [ '1.17.17' ],
245 silly audit   '@types/json-schema': [ '7.0.15' ],
245 silly audit   '@types/mime': [ '1.3.5' ],
245 silly audit   '@types/minimist': [ '1.2.5' ],
245 silly audit   '@types/node': [ '25.0.5' ],
245 silly audit   '@types/node-forge': [ '1.3.14' ],
245 silly audit   '@types/normalize-package-data': [ '2.4.4' ],
245 silly audit   '@types/parse-json': [ '4.0.2' ],
245 silly audit   '@types/qs': [ '6.14.0' ],
245 silly audit   '@types/range-parser': [ '1.2.7' ],
245 silly audit   '@types/retry': [ '0.12.0' ],
245 silly audit   '@types/send': [ '1.2.1', '0.17.6' ],
245 silly audit   '@types/serve-index': [ '1.9.4' ],
245 silly audit   '@types/serve-static': [ '1.15.10' ],
245 silly audit   '@types/sockjs': [ '0.3.36' ],
245 silly audit   '@types/ws': [ '8.18.1' ],
245 silly audit   '@vue/babel-helper-vue-jsx-merge-props': [ '1.4.0' ],
245 silly audit   '@vue/babel-helper-vue-transform-on': [ '1.5.0' ],
245 silly audit   '@vue/babel-plugin-jsx': [ '1.5.0' ],
245 silly audit   '@vue/babel-plugin-resolve-type': [ '1.5.0' ],
245 silly audit   '@vue/babel-plugin-transform-vue-jsx': [ '1.4.0' ],
245 silly audit   '@vue/babel-preset-app': [ '5.0.9' ],
245 silly audit   semver: [ '7.7.3', '5.7.2', '6.3.1' ],
245 silly audit   '@vue/babel-preset-jsx': [ '1.4.0' ],
245 silly audit   '@vue/babel-sugar-composition-api-inject-h': [ '1.4.0' ],
245 silly audit   '@vue/babel-sugar-composition-api-render-instance': [ '1.4.0' ],
245 silly audit   '@vue/babel-sugar-functional-vue': [ '1.4.0' ],
245 silly audit   '@vue/babel-sugar-inject-h': [ '1.4.0' ],
245 silly audit   '@vue/babel-sugar-v-model': [ '1.4.0' ],
245 silly audit   '@vue/babel-sugar-v-on': [ '1.4.0' ],
245 silly audit   '@vue/cli-overlay': [ '5.0.9' ],
245 silly audit   '@vue/cli-plugin-babel': [ '5.0.9' ],
245 silly audit   '@vue/cli-plugin-router': [ '5.0.9' ],
245 silly audit   '@vue/cli-plugin-vuex': [ '5.0.9' ],
245 silly audit   '@vue/cli-service': [ '5.0.9' ],
245 silly audit   '@vue/cli-shared-utils': [ '5.0.9' ],
245 silly audit   chalk: [ '4.1.2', '3.0.0', '2.4.2' ],
245 silly audit   'lru-cache': [ '6.0.0', '4.1.5', '5.1.1' ],
245 silly audit   yallist: [ '4.0.0', '2.1.2', '3.1.1' ],
245 silly audit   '@vue/compiler-core': [ '3.5.26' ],
245 silly audit   '@vue/compiler-dom': [ '3.5.26' ],
245 silly audit   '@vue/compiler-sfc': [ '3.5.26' ],
245 silly audit   '@vue/compiler-ssr': [ '3.5.26' ],
245 silly audit   '@vue/component-compiler-utils': [ '3.3.0' ],
245 silly audit   'hash-sum': [ '1.0.2', '2.0.0' ],
245 silly audit   picocolors: [ '0.2.1', '1.1.1' ],
245 silly audit   postcss: [ '7.0.39', '8.5.6' ],
245 silly audit   '@vue/devtools-api': [ '6.6.4', '7.7.9' ],
245 silly audit   '@vue/reactivity': [ '3.5.26' ],
245 silly audit   '@vue/runtime-core': [ '3.5.26' ],
245 silly audit   '@vue/runtime-dom': [ '3.5.26' ],
245 silly audit   '@vue/server-renderer': [ '3.5.26' ],
245 silly audit   '@vue/shared': [ '3.5.26' ],
245 silly audit   'vue-loader': [ '15.11.1', '17.4.2' ],
245 silly audit   '@vue/web-component-wrapper': [ '1.3.0' ],
245 silly audit   '@webassemblyjs/ast': [ '1.14.1' ],
245 silly audit   '@webassemblyjs/floating-point-hex-parser': [ '1.13.2' ],
245 silly audit   '@webassemblyjs/helper-api-error': [ '1.13.2' ],
245 silly audit   '@webassemblyjs/helper-buffer': [ '1.14.1' ],
245 silly audit   '@webassemblyjs/helper-numbers': [ '1.13.2' ],
245 silly audit   '@webassemblyjs/helper-wasm-bytecode': [ '1.13.2' ],
245 silly audit   '@webassemblyjs/helper-wasm-section': [ '1.14.1' ],
245 silly audit   '@webassemblyjs/ieee754': [ '1.13.2' ],
245 silly audit   '@webassemblyjs/leb128': [ '1.13.2' ],
245 silly audit   '@webassemblyjs/utf8': [ '1.13.2' ],
245 silly audit   '@webassemblyjs/wasm-edit': [ '1.14.1' ],
245 silly audit   '@webassemblyjs/wasm-gen': [ '1.14.1' ],
245 silly audit   '@webassemblyjs/wasm-opt': [ '1.14.1' ],
245 silly audit   '@webassemblyjs/wasm-parser': [ '1.14.1' ],
245 silly audit   '@webassemblyjs/wast-printer': [ '1.14.1' ],
245 silly audit   '@xtuc/ieee754': [ '1.2.0' ],
245 silly audit   '@xtuc/long': [ '4.2.2' ],
245 silly audit   accepts: [ '1.3.8' ],
245 silly audit   negotiator: [ '0.6.3', '0.6.4' ],
245 silly audit   acorn: [ '8.15.0' ],
245 silly audit   'acorn-import-phases': [ '1.0.4' ],
245 silly audit   'acorn-walk': [ '8.3.4' ],
245 silly audit   address: [ '1.2.2' ],
245 silly audit   ajv: [ '6.12.6', '8.17.1' ],
245 silly audit   'ajv-formats': [ '2.1.1' ],
245 silly audit   'json-schema-traverse': [ '1.0.0', '0.4.1' ],
245 silly audit   'ajv-keywords': [ '3.5.2', '5.1.0' ],
245 silly audit   'ansi-escapes': [ '3.2.0' ],
245 silly audit   'ansi-html-community': [ '0.0.8' ],
245 silly audit   'ansi-regex': [ '5.0.1', '3.0.1' ],
245 silly audit   'ansi-styles': [ '4.3.0', '3.2.1' ],
245 silly audit   'any-promise': [ '1.3.0' ],
245 silly audit   anymatch: [ '3.1.3' ],
245 silly audit   arch: [ '2.2.0' ],
245 silly audit   'array-flatten': [ '1.1.1' ],
245 silly audit   'array-union': [ '2.1.0' ],
245 silly audit   async: [ '3.2.6' ],
245 silly audit   'at-least-node': [ '1.0.0' ],
245 silly audit   autoprefixer: [ '10.4.23' ],
245 silly audit   'babel-loader': [ '8.4.1' ],
245 silly audit   'loader-utils': [ '2.0.4', '1.4.2' ],
245 silly audit   'babel-plugin-dynamic-import-node': [ '2.3.3' ],
245 silly audit   'babel-plugin-polyfill-corejs2': [ '0.4.14' ],
245 silly audit   'babel-plugin-polyfill-corejs3': [ '0.13.0' ],
245 silly audit   'babel-plugin-polyfill-regenerator': [ '0.6.5' ],
245 silly audit   'balanced-match': [ '1.0.2' ],
245 silly audit   'base64-js': [ '1.5.1' ],
245 silly audit   'baseline-browser-mapping': [ '2.9.14' ],
245 silly audit   batch: [ '0.6.1' ],
245 silly audit   'big.js': [ '5.2.2' ],
245 silly audit   'binary-extensions': [ '2.3.0' ],
245 silly audit   bl: [ '4.1.0' ],
245 silly audit   bluebird: [ '3.7.2' ],
245 silly audit   'body-parser': [ '1.20.4' ],
245 silly audit   debug: [ '2.6.9', '4.4.3' ],
245 silly audit   ms: [ '2.0.0', '2.1.3' ],
245 silly audit   'bonjour-service': [ '1.3.0' ],
245 silly audit   boolbase: [ '1.0.0' ],
245 silly audit   'brace-expansion': [ '1.1.12' ],
245 silly audit   braces: [ '3.0.3' ],
245 silly audit   browserslist: [ '4.28.1' ],
245 silly audit   buffer: [ '5.7.1' ],
245 silly audit   'buffer-from': [ '1.1.2' ],
245 silly audit   bytes: [ '3.1.2' ],
245 silly audit   'call-bind': [ '1.0.8' ],
245 silly audit   'call-bind-apply-helpers': [ '1.0.2' ],
245 silly audit   'call-bound': [ '1.0.4' ],
245 silly audit   callsites: [ '3.1.0' ],
245 silly audit   'camel-case': [ '4.1.2' ],
245 silly audit   camelcase: [ '5.3.1' ],
245 silly audit   'caniuse-api': [ '3.0.0' ],
245 silly audit   'caniuse-lite': [ '1.0.30001763' ],
245 silly audit   'case-sensitive-paths-webpack-plugin': [ '2.4.0' ],
245 silly audit   chokidar: [ '3.6.0' ],
245 silly audit   'glob-parent': [ '5.1.2', '6.0.2' ],
245 silly audit   'chrome-trace-event': [ '1.0.4' ],
245 silly audit   'clean-css': [ '5.3.3' ],
245 silly audit   'cli-cursor': [ '3.1.0', '2.1.0' ],
245 silly audit   'cli-highlight': [ '2.1.11' ],
245 silly audit   'cli-spinners': [ '2.9.2' ],
245 silly audit   clipboardy: [ '2.3.0' ],
245 silly audit   cliui: [ '7.0.4' ],
245 silly audit   clone: [ '1.0.4' ],
245 silly audit   'clone-deep': [ '4.0.1' ],
245 silly audit   'color-convert': [ '2.0.1', '1.9.3' ],
245 silly audit   'color-name': [ '1.1.4', '1.1.3' ],
245 silly audit   colord: [ '2.9.3' ],
245 silly audit   colorette: [ '2.0.20' ],
245 silly audit   commander: [ '8.3.0', '7.2.0', '2.20.3' ],
245 silly audit   commondir: [ '1.0.1' ],
245 silly audit   compressible: [ '2.0.18' ],
245 silly audit   compression: [ '1.8.1' ],
245 silly audit   'concat-map': [ '0.0.1' ],
245 silly audit   'connect-history-api-fallback': [ '2.0.0' ],
245 silly audit   consolidate: [ '0.15.1' ],
245 silly audit   'content-disposition': [ '0.5.4' ],
245 silly audit   'content-type': [ '1.0.5' ],
245 silly audit   'convert-source-map': [ '2.0.0' ],
245 silly audit   cookie: [ '0.7.2' ],
245 silly audit   'cookie-signature': [ '1.0.7' ],
245 silly audit   'copy-webpack-plugin': [ '9.1.0' ],
245 silly audit   'schema-utils': [ '3.3.0', '4.3.3', '2.7.1' ],
245 silly audit   'core-js': [ '3.47.0' ],
245 silly audit   'core-js-compat': [ '3.47.0' ],
245 silly audit   'core-util-is': [ '1.0.3' ],
245 silly audit   cosmiconfig: [ '7.1.0' ],
245 silly audit   'cross-spawn': [ '6.0.6', '7.0.6' ],
245 silly audit   'css-declaration-sorter': [ '6.4.1' ],
245 silly audit   'css-loader': [ '6.11.0' ],
245 silly audit   'css-minimizer-webpack-plugin': [ '3.4.1' ],
245 silly audit   'css-select': [ '4.3.0' ],
245 silly audit   'css-tree': [ '1.1.3' ],
245 silly audit   'css-what': [ '6.2.2' ],
245 silly audit   cssesc: [ '3.0.0' ],
245 silly audit   cssnano: [ '5.1.15' ],
245 silly audit   'cssnano-preset-default': [ '5.2.14' ],
245 silly audit   'cssnano-utils': [ '3.1.0' ],
245 silly audit   csso: [ '4.2.0' ],
245 silly audit   csstype: [ '3.2.3' ],
245 silly audit   debounce: [ '1.2.1' ],
245 silly audit   deepmerge: [ '1.5.2' ],
245 silly audit   'default-gateway': [ '6.0.3' ],
245 silly audit   execa: [ '5.1.1', '1.0.0' ],
245 silly audit   'get-stream': [ '6.0.1', '4.1.0' ],
245 silly audit   'is-stream': [ '2.0.1', '1.1.0' ],
245 silly audit   'npm-run-path': [ '4.0.1', '2.0.2' ],
245 silly audit   'path-key': [ '3.1.1', '2.0.1' ],
245 silly audit   'shebang-command': [ '2.0.0', '1.2.0' ],
245 silly audit   'shebang-regex': [ '3.0.0', '1.0.0' ],
245 silly audit   which: [ '2.0.2', '1.3.1' ],
245 silly audit   defaults: [ '1.0.4' ],
245 silly audit   'define-data-property': [ '1.1.4' ],
245 silly audit   'define-lazy-prop': [ '2.0.0' ],
245 silly audit   'define-properties': [ '1.2.1' ],
245 silly audit   depd: [ '2.0.0', '1.1.2' ],
245 silly audit   destroy: [ '1.2.0' ],
245 silly audit   'detect-node': [ '2.1.0' ],
245 silly audit   'dir-glob': [ '3.0.1' ],
245 silly audit   'dns-packet': [ '5.6.1' ],
245 silly audit   'dom-converter': [ '0.2.0' ],
245 silly audit   'dom-serializer': [ '1.4.1' ],
245 silly audit   entities: [ '2.2.0', '7.0.0' ],
245 silly audit   domelementtype: [ '2.3.0' ],
245 silly audit   domhandler: [ '4.3.1' ],
245 silly audit   domutils: [ '2.8.0' ],
245 silly audit   'dot-case': [ '3.0.4' ],
245 silly audit   dotenv: [ '10.0.0' ],
245 silly audit   'dotenv-expand': [ '5.1.0' ],
245 silly audit   'dunder-proto': [ '1.0.1' ],
245 silly audit   duplexer: [ '0.1.2' ],
245 silly audit   'easy-stack': [ '1.0.1' ],
245 silly audit   'ee-first': [ '1.1.1' ],
245 silly audit   'electron-to-chromium': [ '1.5.267' ],
245 silly audit   'emoji-regex': [ '8.0.0' ],
245 silly audit   'emojis-list': [ '3.0.0' ],
245 silly audit   encodeurl: [ '2.0.0' ],
245 silly audit   'end-of-stream': [ '1.4.5' ],
245 silly audit   'enhanced-resolve': [ '5.18.4' ],
245 silly audit   'error-ex': [ '1.3.4' ],
245 silly audit   'error-stack-parser': [ '2.1.4' ],
245 silly audit   'es-define-property': [ '1.0.1' ],
245 silly audit   'es-errors': [ '1.3.0' ],
245 silly audit   'es-module-lexer': [ '2.0.0' ],
245 silly audit   'es-object-atoms': [ '1.1.1' ],
245 silly audit   escalade: [ '3.2.0' ],
245 silly audit   'escape-html': [ '1.0.3' ],
245 silly audit   'escape-string-regexp': [ '1.0.5', '4.0.0' ],
245 silly audit   'eslint-scope': [ '5.1.1' ],
245 silly audit   esrecurse: [ '4.3.0' ],
245 silly audit   estraverse: [ '5.3.0', '4.3.0' ],
245 silly audit   'estree-walker': [ '2.0.2' ],
245 silly audit   esutils: [ '2.0.3' ],
245 silly audit   etag: [ '1.8.1' ],
245 silly audit   'event-pubsub': [ '4.3.0' ],
245 silly audit   eventemitter3: [ '4.0.7' ],
245 silly audit   events: [ '3.3.0' ],
245 silly audit   express: [ '4.22.1' ],
245 silly audit   'fast-deep-equal': [ '3.1.3' ],
245 silly audit   'fast-glob': [ '3.3.3' ],
245 silly audit   'fast-json-stable-stringify': [ '2.1.0' ],
245 silly audit   'fast-uri': [ '3.1.0' ],
245 silly audit   fastq: [ '1.20.1' ],
245 silly audit   'faye-websocket': [ '0.11.4' ],
245 silly audit   figures: [ '2.0.0' ],
245 silly audit   'fill-range': [ '7.1.1' ],
245 silly audit   finalhandler: [ '1.3.2' ],
245 silly audit   'find-cache-dir': [ '3.3.2' ],
245 silly audit   'find-up': [ '4.1.0' ],
245 silly audit   flat: [ '5.0.2' ],
245 silly audit   'follow-redirects': [ '1.15.11' ],
245 silly audit   forwarded: [ '0.2.0' ],
245 silly audit   'fraction.js': [ '5.3.4' ],
245 silly audit   fresh: [ '0.5.2' ],
245 silly audit   'fs-extra': [ '9.1.0' ],
245 silly audit   'fs-monkey': [ '1.1.0' ],
245 silly audit   'fs.realpath': [ '1.0.0' ],
245 silly audit   fsevents: [ '2.3.3' ],
245 silly audit   'function-bind': [ '1.1.2' ],
245 silly audit   gensync: [ '1.0.0-beta.2' ],
245 silly audit   'get-caller-file': [ '2.0.5' ],
245 silly audit   'get-intrinsic': [ '1.3.0' ],
245 silly audit   'get-proto': [ '1.0.1' ],
245 silly audit   glob: [ '7.2.3' ],
245 silly audit   'glob-to-regexp': [ '0.4.1' ],
245 silly audit   globby: [ '11.1.0' ],
245 silly audit   gopd: [ '1.2.0' ],
245 silly audit   'graceful-fs': [ '4.2.11' ],
245 silly audit   'gzip-size': [ '6.0.0' ],
245 silly audit   'handle-thing': [ '2.0.1' ],
245 silly audit   'has-flag': [ '4.0.0', '3.0.0' ],
245 silly audit   'has-property-descriptors': [ '1.0.2' ],
245 silly audit   'has-symbols': [ '1.1.0' ],
245 silly audit   hasown: [ '2.0.2' ],
245 silly audit   he: [ '1.2.0' ],
245 silly audit   'highlight.js': [ '10.7.3' ],
245 silly audit   'hosted-git-info': [ '2.8.9' ],
245 silly audit   'hpack.js': [ '2.1.6' ],
245 silly audit   'readable-stream': [ '2.3.8', '3.6.2' ],
245 silly audit   'safe-buffer': [ '5.1.2', '5.2.1' ],
245 silly audit   string_decoder: [ '1.1.1', '1.3.0' ],
245 silly audit   'html-entities': [ '2.6.0' ],
245 silly audit   'html-escaper': [ '2.0.2' ],
245 silly audit   'html-minifier-terser': [ '6.1.0' ],
245 silly audit   'html-tags': [ '2.0.0' ],
245 silly audit   'html-webpack-plugin': [ '5.6.5' ],
245 silly audit   htmlparser2: [ '6.1.0' ],
245 silly audit   'http-deceiver': [ '1.2.7' ],
245 silly audit   'http-errors': [ '2.0.1', '1.6.3' ],
245 silly audit   'http-parser-js': [ '0.5.10' ],
245 silly audit   'http-proxy': [ '1.18.1' ],
245 silly audit   'http-proxy-middleware': [ '2.0.9' ],
245 silly audit   'human-signals': [ '2.1.0' ],
245 silly audit   'iconv-lite': [ '0.4.24' ],
245 silly audit   'icss-utils': [ '5.1.0' ],
245 silly audit   ieee754: [ '1.2.1' ],
245 silly audit   ignore: [ '5.3.2' ],
245 silly audit   'import-fresh': [ '3.3.1' ],
245 silly audit   inflight: [ '1.0.6' ],
245 silly audit   inherits: [ '2.0.4', '2.0.3' ],
245 silly audit   'ipaddr.js': [ '2.3.0', '1.9.1' ],
245 silly audit   'is-arrayish': [ '0.2.1' ],
245 silly audit   'is-binary-path': [ '2.1.0' ],
245 silly audit   'is-core-module': [ '2.16.1' ],
245 silly audit   'is-docker': [ '2.2.1' ],
245 silly audit   'is-extglob': [ '2.1.1' ],
245 silly audit   'is-file-esm': [ '1.0.0' ],
245 silly audit   'is-fullwidth-code-point': [ '3.0.0', '2.0.0' ],
245 silly audit   'is-glob': [ '4.0.3' ],
245 silly audit   'is-interactive': [ '1.0.0' ],
245 silly audit   'is-number': [ '7.0.0' ],
245 silly audit   'is-plain-obj': [ '3.0.0' ],
245 silly audit   'is-plain-object': [ '2.0.4' ],
245 silly audit   'is-unicode-supported': [ '0.1.0' ],
245 silly audit   'is-wsl': [ '2.2.0' ],
245 silly audit   isarray: [ '1.0.0' ],
245 silly audit   isexe: [ '2.0.0' ],
245 silly audit   isobject: [ '3.0.1' ],
245 silly audit   'javascript-stringify': [ '2.1.0' ],
245 silly audit   'jest-worker': [ '27.5.1' ],
245 silly audit   'supports-color': [ '8.1.1', '5.5.0', '7.2.0' ],
245 silly audit   joi: [ '17.13.3' ],
245 silly audit   'js-message': [ '1.0.7' ],
245 silly audit   'js-tokens': [ '4.0.0' ],
245 silly audit   jsesc: [ '3.1.0' ],
245 silly audit   'json-parse-better-errors': [ '1.0.2' ],
245 silly audit   'json-parse-even-better-errors': [ '2.3.1' ],
245 silly audit   json5: [ '2.2.3', '1.0.2' ],
245 silly audit   jsonfile: [ '6.2.0' ],
245 silly audit   'kind-of': [ '6.0.3' ],
245 silly audit   klona: [ '2.0.6' ],
245 silly audit   'launch-editor': [ '2.12.0' ],
245 silly audit   'launch-editor-middleware': [ '2.12.0' ],
245 silly audit   lilconfig: [ '2.1.0' ],
245 silly audit   'lines-and-columns': [ '1.2.4' ],
245 silly audit   'loader-runner': [ '4.3.1' ],
245 silly audit   'locate-path': [ '5.0.0' ],
245 silly audit   lodash: [ '4.17.21' ],
245 silly audit   'lodash.debounce': [ '4.0.8' ],
245 silly audit   'lodash.defaultsdeep': [ '4.6.1' ],
245 silly audit   'lodash.kebabcase': [ '4.1.1' ],
245 silly audit   'lodash.mapvalues': [ '4.6.0' ],
245 silly audit   'lodash.memoize': [ '4.1.2' ],
245 silly audit   'lodash.uniq': [ '4.5.0' ],
245 silly audit   'log-symbols': [ '4.1.0' ],
245 silly audit   'log-update': [ '2.3.0' ],
245 silly audit   'mimic-fn': [ '1.2.0', '2.1.0' ],
245 silly audit   onetime: [ '2.0.1', '5.1.2' ],
245 silly audit   'restore-cursor': [ '2.0.0', '3.1.0' ],
245 silly audit   'string-width': [ '2.1.1', '4.2.3' ],
245 silly audit   'strip-ansi': [ '4.0.0', '6.0.1' ],
245 silly audit   'wrap-ansi': [ '3.0.1', '7.0.0' ],
245 silly audit   'lower-case': [ '2.0.2' ],
245 silly audit   'magic-string': [ '0.30.21' ],
245 silly audit   'make-dir': [ '3.1.0' ],
245 silly audit   'math-intrinsics': [ '1.1.0' ],
245 silly audit   'mdn-data': [ '2.0.14' ],
245 silly audit   'media-typer': [ '0.3.0' ],
245 silly audit   memfs: [ '3.5.3' ],
245 silly audit   'merge-descriptors': [ '1.0.3' ],
245 silly audit   'merge-source-map': [ '1.1.0' ],
245 silly audit   'merge-stream': [ '2.0.0' ],
245 silly audit   merge2: [ '1.4.1' ],
245 silly audit   methods: [ '1.1.2' ],
245 silly audit   micromatch: [ '4.0.8' ],
245 silly audit   mime: [ '1.6.0' ],
245 silly audit   'mime-db': [ '1.52.0' ],
245 silly audit   'mime-types': [ '2.1.35' ],
245 silly audit   'mini-css-extract-plugin': [ '2.9.4' ],
245 silly audit   'minimalistic-assert': [ '1.0.1' ],
245 silly audit   minimatch: [ '3.1.2' ],
245 silly audit   minimist: [ '1.2.8' ],
245 silly audit   minipass: [ '3.3.6' ],
245 silly audit   'module-alias': [ '2.2.3' ],
245 silly audit   mrmime: [ '2.0.1' ],
245 silly audit   'multicast-dns': [ '7.2.5' ],
245 silly audit   mz: [ '2.7.0' ],
245 silly audit   nanoid: [ '3.3.11' ],
245 silly audit   'neo-async': [ '2.6.2' ],
245 silly audit   'nice-try': [ '1.0.5' ],
245 silly audit   'no-case': [ '3.0.4' ],
245 silly audit   'node-fetch': [ '2.7.0' ],
245 silly audit   'node-forge': [ '1.3.3' ],
245 silly audit   'node-releases': [ '2.0.27' ],
245 silly audit   'normalize-package-data': [ '2.5.0' ],
245 silly audit   'normalize-path': [ '3.0.0' ],
245 silly audit   'normalize-url': [ '6.1.0' ],
245 silly audit   'nth-check': [ '2.1.1' ],
245 silly audit   'object-assign': [ '4.1.1' ],
245 silly audit   'object-inspect': [ '1.13.4' ],
245 silly audit   'object-keys': [ '1.1.1' ],
245 silly audit   'object.assign': [ '4.1.7' ],
245 silly audit   obuf: [ '1.1.2' ],
245 silly audit   'on-finished': [ '2.4.1' ],
245 silly audit   'on-headers': [ '1.1.0' ],
245 silly audit   once: [ '1.4.0' ],
245 silly audit   open: [ '8.4.2' ],
245 silly audit   opener: [ '1.5.2' ],
245 silly audit   ora: [ '5.4.1' ],
245 silly audit   'p-finally': [ '1.0.0' ],
245 silly audit   'p-limit': [ '2.3.0' ],
245 silly audit   'p-locate': [ '4.1.0' ],
245 silly audit   'p-retry': [ '4.6.2' ],
245 silly audit   'p-try': [ '2.2.0' ],
245 silly audit   'param-case': [ '3.0.4' ],
245 silly audit   'parent-module': [ '1.0.1' ],
245 silly audit   'parse-json': [ '5.2.0' ],
245 silly audit   parse5: [ '5.1.1', '6.0.1' ],
245 silly audit   'parse5-htmlparser2-tree-adapter': [ '6.0.1' ],
245 silly audit   parseurl: [ '1.3.3' ],
245 silly audit   'pascal-case': [ '3.1.2' ],
245 silly audit   'path-exists': [ '4.0.0' ],
245 silly audit   'path-is-absolute': [ '1.0.1' ],
245 silly audit   'path-parse': [ '1.0.7' ],
245 silly audit   'path-to-regexp': [ '0.1.12' ],
245 silly audit   'path-type': [ '4.0.0' ],
245 silly audit   picomatch: [ '2.3.1' ],
245 silly audit   'pkg-dir': [ '4.2.0' ],
245 silly audit   portfinder: [ '1.0.38' ],
245 silly audit   'postcss-calc': [ '8.2.4' ],
245 silly audit   'postcss-colormin': [ '5.3.1' ],
245 silly audit   'postcss-convert-values': [ '5.1.3' ],
245 silly audit   'postcss-discard-comments': [ '5.1.2' ],
245 silly audit   'postcss-discard-duplicates': [ '5.1.0' ],
245 silly audit   'postcss-discard-empty': [ '5.1.1' ],
245 silly audit   'postcss-discard-overridden': [ '5.1.0' ],
245 silly audit   'postcss-loader': [ '6.2.1' ],
245 silly audit   'postcss-merge-longhand': [ '5.1.7' ],
245 silly audit   'postcss-merge-rules': [ '5.1.4' ],
245 silly audit   'postcss-minify-font-values': [ '5.1.0' ],
245 silly audit   'postcss-minify-gradients': [ '5.1.1' ],
245 silly audit   'postcss-minify-params': [ '5.1.4' ],
245 silly audit   'postcss-minify-selectors': [ '5.2.1' ],
245 silly audit   'postcss-modules-extract-imports': [ '3.1.0' ],
245 silly audit   'postcss-modules-local-by-default': [ '4.2.0' ],
245 silly audit   'postcss-selector-parser': [ '7.1.1', '6.1.2' ],
245 silly audit   'postcss-modules-scope': [ '3.2.1' ],
245 silly audit   'postcss-modules-values': [ '4.0.0' ],
245 silly audit   'postcss-normalize-charset': [ '5.1.0' ],
245 silly audit   'postcss-normalize-display-values': [ '5.1.0' ],
245 silly audit   'postcss-normalize-positions': [ '5.1.1' ],
245 silly audit   'postcss-normalize-repeat-style': [ '5.1.1' ],
245 silly audit   'postcss-normalize-string': [ '5.1.0' ],
245 silly audit   'postcss-normalize-timing-functions': [ '5.1.0' ],
245 silly audit   'postcss-normalize-unicode': [ '5.1.1' ],
245 silly audit   'postcss-normalize-url': [ '5.1.0' ],
245 silly audit   'postcss-normalize-whitespace': [ '5.1.1' ],
245 silly audit   'postcss-ordered-values': [ '5.1.3' ],
245 silly audit   'postcss-reduce-initial': [ '5.1.2' ],
245 silly audit   'postcss-reduce-transforms': [ '5.1.0' ],
245 silly audit   'postcss-svgo': [ '5.1.0' ],
245 silly audit   'postcss-unique-selectors': [ '5.1.1' ],
245 silly audit   'postcss-value-parser': [ '4.2.0' ],
245 silly audit   prettier: [ '2.8.8' ],
245 silly audit   'pretty-error': [ '4.0.0' ],
245 silly audit   'process-nextick-args': [ '2.0.1' ],
245 silly audit   'progress-webpack-plugin': [ '1.0.16' ],
245 silly audit   'proxy-addr': [ '2.0.7' ],
245 silly audit   pseudomap: [ '1.0.2' ],
245 silly audit   pump: [ '3.0.3' ],
245 silly audit   punycode: [ '2.3.1' ],
245 silly audit   qs: [ '6.14.1' ],
245 silly audit   'queue-microtask': [ '1.2.3' ],
245 silly audit   randombytes: [ '2.1.0' ],
245 silly audit   'range-parser': [ '1.2.1' ],
245 silly audit   'raw-body': [ '2.5.3' ],
245 silly audit   'read-pkg': [ '5.2.0' ],
245 silly audit   'read-pkg-up': [ '7.0.1' ],
245 silly audit   'type-fest': [ '0.8.1', '0.6.0' ],
245 silly audit   readdirp: [ '3.6.0' ],
245 silly audit   regenerate: [ '1.4.2' ],
245 silly audit   'regenerate-unicode-properties': [ '10.2.2' ],
245 silly audit   'regexpu-core': [ '6.4.0' ],
245 silly audit   regjsgen: [ '0.8.0' ],
245 silly audit   regjsparser: [ '0.13.0' ],
245 silly audit   relateurl: [ '0.2.7' ],
245 silly audit   renderkid: [ '3.0.0' ],
245 silly audit   'require-directory': [ '2.1.1' ],
245 silly audit   'require-from-string': [ '2.0.2' ],
245 silly audit   'requires-port': [ '1.0.0' ],
245 silly audit   resolve: [ '1.22.11' ],
245 silly audit   'resolve-from': [ '4.0.0' ],
245 silly audit   retry: [ '0.13.1' ],
245 silly audit   reusify: [ '1.1.0' ],
245 silly audit   rimraf: [ '3.0.2' ],
245 silly audit   'run-parallel': [ '1.2.0' ],
245 silly audit   'safer-buffer': [ '2.1.2' ],
245 silly audit   'select-hose': [ '2.0.0' ],
245 silly audit   selfsigned: [ '2.4.1' ],
245 silly audit   send: [ '0.19.2' ],
245 silly audit   'serialize-javascript': [ '6.0.2' ],
245 silly audit   'serve-index': [ '1.9.1' ],
245 silly audit   setprototypeof: [ '1.1.0', '1.2.0' ],
245 silly audit   statuses: [ '1.5.0', '2.0.2' ],
245 silly audit   'serve-static': [ '1.16.3' ],
245 silly audit   'set-function-length': [ '1.2.2' ],
245 silly audit   'shallow-clone': [ '3.0.1' ],
245 silly audit   'shell-quote': [ '1.8.3' ],
245 silly audit   'side-channel': [ '1.1.0' ],
245 silly audit   'side-channel-list': [ '1.0.0' ],
245 silly audit   'side-channel-map': [ '1.0.1' ],
245 silly audit   'side-channel-weakmap': [ '1.0.2' ],
245 silly audit   'signal-exit': [ '3.0.7' ],
245 silly audit   sirv: [ '2.0.4' ],
245 silly audit   slash: [ '3.0.0' ],
245 silly audit   sockjs: [ '0.3.24' ],
245 silly audit   'source-map': [ '0.6.1' ],
245 silly audit   'source-map-js': [ '1.2.1' ],
245 silly audit   'source-map-support': [ '0.5.21' ],
245 silly audit   'spdx-correct': [ '3.2.0' ],
245 silly audit   'spdx-exceptions': [ '2.5.0' ],
245 silly audit   'spdx-expression-parse': [ '3.0.1' ],
245 silly audit   'spdx-license-ids': [ '3.0.22' ],
245 silly audit   spdy: [ '4.0.2' ],
245 silly audit   'spdy-transport': [ '3.0.0' ],
245 silly audit   ssri: [ '8.0.1' ],
245 silly audit   stable: [ '0.1.8' ],
245 silly audit   stackframe: [ '1.3.4' ],
245 silly audit   'strip-eof': [ '1.0.0' ],
245 silly audit   'strip-final-newline': [ '2.0.0' ],
245 silly audit   stylehacks: [ '5.1.1' ],
245 silly audit   'supports-preserve-symlinks-flag': [ '1.0.0' ],
245 silly audit   'svg-tags': [ '1.0.0' ],
245 silly audit   svgo: [ '2.8.0' ],
245 silly audit   tapable: [ '2.3.0' ],
245 silly audit   terser: [ '5.44.1' ],
245 silly audit   'terser-webpack-plugin': [ '5.3.16' ],
245 silly audit   thenify: [ '3.3.1' ],
245 silly audit   'thenify-all': [ '1.6.0' ],
245 silly audit   'thread-loader': [ '3.0.4' ],
245 silly audit   thunky: [ '1.1.0' ],
245 silly audit   'to-regex-range': [ '5.0.1' ],
245 silly audit   toidentifier: [ '1.0.1' ],
245 silly audit   totalist: [ '3.0.1' ],
245 silly audit   tr46: [ '0.0.3' ],
245 silly audit   tslib: [ '2.8.1' ],
245 silly audit   'type-is': [ '1.6.18' ],
245 silly audit   'undici-types': [ '7.16.0' ],
245 silly audit   'unicode-canonical-property-names-ecmascript': [ '2.0.1' ],
245 silly audit   'unicode-match-property-ecmascript': [ '2.0.0' ],
245 silly audit   'unicode-match-property-value-ecmascript': [ '2.2.1' ],
245 silly audit   'unicode-property-aliases-ecmascript': [ '2.2.0' ],
245 silly audit   universalify: [ '2.0.1' ],
245 silly audit   unpipe: [ '1.0.0' ],
245 silly audit   'update-browserslist-db': [ '1.2.3' ],
245 silly audit   'uri-js': [ '4.4.1' ],
245 silly audit   'util-deprecate': [ '1.0.2' ],
245 silly audit   utila: [ '0.4.0' ],
245 silly audit   'utils-merge': [ '1.0.1' ],
245 silly audit   uuid: [ '8.3.2' ],
245 silly audit   'validate-npm-package-license': [ '3.0.4' ],
245 silly audit   vary: [ '1.1.2' ],
245 silly audit   'vue-hot-reload-api': [ '2.3.4' ],
245 silly audit   'vue-router': [ '4.6.4' ],
245 silly audit   'vue-style-loader': [ '4.1.3' ],
245 silly audit   'vue-template-es2015-compiler': [ '1.9.1' ],
245 silly audit   watchpack: [ '2.5.0' ],
245 silly audit   wbuf: [ '1.7.3' ],
245 silly audit   wcwidth: [ '1.0.1' ],
245 silly audit   'webidl-conversions': [ '3.0.1' ],
245 silly audit   webpack: [ '5.104.1' ],
245 silly audit   'webpack-bundle-analyzer': [ '4.10.2' ],
245 silly audit   'webpack-chain': [ '6.5.1' ],
245 silly audit   'webpack-dev-middleware': [ '5.3.4' ],
245 silly audit   'webpack-dev-server': [ '4.15.2' ],
245 silly audit   ws: [ '8.19.0', '7.5.10' ],
245 silly audit   'webpack-merge': [ '5.10.0' ],
245 silly audit   'webpack-sources': [ '3.3.3' ],
245 silly audit   'webpack-virtual-modules': [ '0.4.6' ],
245 silly audit   'websocket-driver': [ '0.7.4' ],
245 silly audit   'websocket-extensions': [ '0.1.4' ],
245 silly audit   'whatwg-fetch': [ '3.6.20' ],
245 silly audit   'whatwg-url': [ '5.0.0' ],
245 silly audit   wildcard: [ '2.0.1' ],
245 silly audit   wrappy: [ '1.0.2' ],
245 silly audit   y18n: [ '5.0.8' ],
245 silly audit   yaml: [ '1.10.2' ],
245 silly audit   yargs: [ '16.2.0' ],
245 silly audit   'yargs-parser': [ '20.2.9' ],
245 silly audit   '@element-plus/icons-vue': [ '2.3.2' ],
245 silly audit   axios: [ '1.13.2' ],
245 silly audit   'element-plus': [ '2.13.1' ],
245 silly audit   pinia: [ '3.0.4' ],
245 silly audit   'form-data': [ '4.0.5' ],
245 silly audit   'proxy-from-env': [ '1.1.0' ],
245 silly audit   '@ctrl/tinycolor': [ '3.6.1' ],
245 silly audit   '@floating-ui/dom': [ '1.7.4' ],
245 silly audit   '@sxzz/popperjs-es': [ '2.11.7' ],
245 silly audit   '@types/lodash': [ '4.17.23' ],
245 silly audit   '@types/lodash-es': [ '4.17.12' ],
245 silly audit   '@vueuse/core': [ '10.11.1' ],
245 silly audit   'async-validator': [ '4.2.5' ],
245 silly audit   dayjs: [ '1.11.19' ],
245 silly audit   'lodash-es': [ '4.17.22' ],
245 silly audit   'lodash-unified': [ '1.0.3' ],
245 silly audit   'memoize-one': [ '6.0.0' ],
245 silly audit   'normalize-wheel-es': [ '1.2.0' ],
245 silly audit   '@floating-ui/core': [ '1.7.3' ],
245 silly audit   '@floating-ui/utils': [ '0.2.10' ],
245 silly audit   '@types/web-bluetooth': [ '0.0.20' ],
245 silly audit   '@vueuse/metadata': [ '10.11.1' ],
245 silly audit   '@vueuse/shared': [ '10.11.1' ],
245 silly audit   'vue-demi': [ '0.14.10' ],
245 silly audit   asynckit: [ '0.4.0' ],
245 silly audit   'combined-stream': [ '1.0.8' ],
245 silly audit   'es-set-tostringtag': [ '2.1.0' ],
245 silly audit   'delayed-stream': [ '1.0.0' ],
245 silly audit   'has-tostringtag': [ '1.0.2' ],
245 silly audit   '@vue/devtools-kit': [ '7.7.9' ],
245 silly audit   '@vue/devtools-shared': [ '7.7.9' ],
245 silly audit   birpc: [ '2.9.0' ],
245 silly audit   hookable: [ '5.5.3' ],
245 silly audit   mitt: [ '3.0.1' ],
245 silly audit   'perfect-debounce': [ '1.0.0' ],
245 silly audit   speakingurl: [ '14.0.1' ],
245 silly audit   superjson: [ '2.2.6' ],
245 silly audit   rfdc: [ '1.4.1' ],
245 silly audit   'copy-anything': [ '4.0.5' ],
245 silly audit   'is-what': [ '5.5.0' ]
245 silly audit }
246 http cache is-what@https://registry.npmmirror.com/is-what/-/is-what-5.5.0.tgz 0ms (cache hit)
247 http cache speakingurl@https://registry.npmmirror.com/speakingurl/-/speakingurl-14.0.1.tgz 0ms (cache hit)
248 http cache rfdc@https://registry.npmmirror.com/rfdc/-/rfdc-1.4.1.tgz 0ms (cache hit)
249 http cache superjson@https://registry.npmmirror.com/superjson/-/superjson-2.2.6.tgz 0ms (cache hit)
250 http cache copy-anything@https://registry.npmmirror.com/copy-anything/-/copy-anything-4.0.5.tgz 0ms (cache hit)
251 http cache @vue/devtools-shared@https://registry.npmmirror.com/@vue/devtools-shared/-/devtools-shared-7.7.9.tgz 1ms (cache hit)
252 http cache hookable@https://registry.npmmirror.com/hookable/-/hookable-5.5.3.tgz 0ms (cache hit)
253 http cache @vue/devtools-kit@https://registry.npmmirror.com/@vue/devtools-kit/-/devtools-kit-7.7.9.tgz 0ms (cache hit)
254 http cache perfect-debounce@https://registry.npmmirror.com/perfect-debounce/-/perfect-debounce-1.0.0.tgz 0ms (cache hit)
255 http cache mitt@https://registry.npmmirror.com/mitt/-/mitt-3.0.1.tgz 0ms (cache hit)
256 http cache birpc@https://registry.npmmirror.com/birpc/-/birpc-2.9.0.tgz 0ms (cache hit)
257 http cache delayed-stream@https://registry.npmmirror.com/delayed-stream/-/delayed-stream-1.0.0.tgz 0ms (cache hit)
258 http cache has-tostringtag@https://registry.npmmirror.com/has-tostringtag/-/has-tostringtag-1.0.2.tgz 0ms (cache hit)
259 http cache es-set-tostringtag@https://registry.npmmirror.com/es-set-tostringtag/-/es-set-tostringtag-2.1.0.tgz 0ms (cache hit)
260 http cache asynckit@https://registry.npmmirror.com/asynckit/-/asynckit-0.4.0.tgz 0ms (cache hit)
261 http cache @vueuse/shared@https://registry.npmmirror.com/@vueuse/shared/-/shared-10.11.1.tgz 0ms (cache hit)
262 http cache @types/web-bluetooth@https://registry.npmmirror.com/@types/web-bluetooth/-/web-bluetooth-0.0.20.tgz 0ms (cache hit)
263 http cache @floating-ui/core@https://registry.npmmirror.com/@floating-ui/core/-/core-1.7.3.tgz 0ms (cache hit)
264 http cache @floating-ui/utils@https://registry.npmmirror.com/@floating-ui/utils/-/utils-0.2.10.tgz 0ms (cache hit)
265 http cache combined-stream@https://registry.npmmirror.com/combined-stream/-/combined-stream-1.0.8.tgz 0ms (cache hit)
266 http cache normalize-wheel-es@https://registry.npmmirror.com/normalize-wheel-es/-/normalize-wheel-es-1.2.0.tgz 0ms (cache hit)
267 http cache @vueuse/metadata@https://registry.npmmirror.com/@vueuse/metadata/-/metadata-10.11.1.tgz 0ms (cache hit)
268 http cache memoize-one@https://registry.npmmirror.com/memoize-one/-/memoize-one-6.0.0.tgz 0ms (cache hit)
269 http cache lodash-unified@https://registry.npmmirror.com/lodash-unified/-/lodash-unified-1.0.3.tgz 0ms (cache hit)
270 http cache lodash-es@https://registry.npmmirror.com/lodash-es/-/lodash-es-4.17.22.tgz 0ms (cache hit)
271 http cache dayjs@https://registry.npmmirror.com/dayjs/-/dayjs-1.11.19.tgz 0ms (cache hit)
272 http cache @vueuse/core@https://registry.npmmirror.com/@vueuse/core/-/core-10.11.1.tgz 0ms (cache hit)
273 http cache async-validator@https://registry.npmmirror.com/async-validator/-/async-validator-4.2.5.tgz 0ms (cache hit)
274 http cache @types/lodash-es@https://registry.npmmirror.com/@types/lodash-es/-/lodash-es-4.17.12.tgz 0ms (cache hit)
275 http cache @types/lodash@https://registry.npmmirror.com/@types/lodash/-/lodash-4.17.23.tgz 0ms (cache hit)
276 http cache @floating-ui/dom@https://registry.npmmirror.com/@floating-ui/dom/-/dom-1.7.4.tgz 0ms (cache hit)
277 http cache @popperjs/core@https://registry.npmmirror.com/@sxzz/popperjs-es/-/popperjs-es-2.11.7.tgz 0ms (cache hit)
278 http cache @ctrl/tinycolor@https://registry.npmmirror.com/@ctrl/tinycolor/-/tinycolor-3.6.1.tgz 0ms (cache hit)
279 http cache proxy-from-env@https://registry.npmmirror.com/proxy-from-env/-/proxy-from-env-1.1.0.tgz 0ms (cache hit)
280 http cache form-data@https://registry.npmmirror.com/form-data/-/form-data-4.0.5.tgz 0ms (cache hit)
281 http cache pinia@https://registry.npmmirror.com/pinia/-/pinia-3.0.4.tgz 0ms (cache hit)
282 http cache axios@https://registry.npmmirror.com/axios/-/axios-1.13.2.tgz 0ms (cache hit)
283 http cache element-plus@https://registry.npmmirror.com/element-plus/-/element-plus-2.13.1.tgz 0ms (cache hit)
284 http cache @element-plus/icons-vue@https://registry.npmmirror.com/@element-plus/icons-vue/-/icons-vue-2.3.2.tgz 0ms (cache hit)
285 http cache vue-demi@https://registry.npmmirror.com/vue-demi/-/vue-demi-0.14.10.tgz 0ms (cache hit)
286 http cache vue-demi@https://registry.npmmirror.com/vue-demi/-/vue-demi-0.14.10.tgz 0ms (cache hit)
287 silly tarball no local data for is-what@https://registry.npmmirror.com/is-what/-/is-what-5.5.0.tgz. Extracting by manifest.
288 silly tarball no local data for speakingurl@https://registry.npmmirror.com/speakingurl/-/speakingurl-14.0.1.tgz. Extracting by manifest.
289 silly tarball no local data for rfdc@https://registry.npmmirror.com/rfdc/-/rfdc-1.4.1.tgz. Extracting by manifest.
290 silly tarball no local data for superjson@https://registry.npmmirror.com/superjson/-/superjson-2.2.6.tgz. Extracting by manifest.
291 http cache @vue/devtools-api@https://registry.npmmirror.com/@vue/devtools-api/-/devtools-api-7.7.9.tgz 0ms (cache hit)
292 silly tarball no local data for copy-anything@https://registry.npmmirror.com/copy-anything/-/copy-anything-4.0.5.tgz. Extracting by manifest.
293 silly tarball no local data for @vue/devtools-shared@https://registry.npmmirror.com/@vue/devtools-shared/-/devtools-shared-7.7.9.tgz. Extracting by manifest.
294 silly tarball no local data for hookable@https://registry.npmmirror.com/hookable/-/hookable-5.5.3.tgz. Extracting by manifest.
295 silly tarball no local data for @vue/devtools-kit@https://registry.npmmirror.com/@vue/devtools-kit/-/devtools-kit-7.7.9.tgz. Extracting by manifest.
296 silly tarball no local data for perfect-debounce@https://registry.npmmirror.com/perfect-debounce/-/perfect-debounce-1.0.0.tgz. Extracting by manifest.
297 silly tarball no local data for mitt@https://registry.npmmirror.com/mitt/-/mitt-3.0.1.tgz. Extracting by manifest.
298 silly tarball no local data for birpc@https://registry.npmmirror.com/birpc/-/birpc-2.9.0.tgz. Extracting by manifest.
299 silly tarball no local data for delayed-stream@https://registry.npmmirror.com/delayed-stream/-/delayed-stream-1.0.0.tgz. Extracting by manifest.
300 silly tarball no local data for has-tostringtag@https://registry.npmmirror.com/has-tostringtag/-/has-tostringtag-1.0.2.tgz. Extracting by manifest.
301 silly tarball no local data for es-set-tostringtag@https://registry.npmmirror.com/es-set-tostringtag/-/es-set-tostringtag-2.1.0.tgz. Extracting by manifest.
302 silly tarball no local data for asynckit@https://registry.npmmirror.com/asynckit/-/asynckit-0.4.0.tgz. Extracting by manifest.
303 silly tarball no local data for @vueuse/shared@https://registry.npmmirror.com/@vueuse/shared/-/shared-10.11.1.tgz. Extracting by manifest.
304 silly tarball no local data for @types/web-bluetooth@https://registry.npmmirror.com/@types/web-bluetooth/-/web-bluetooth-0.0.20.tgz. Extracting by manifest.
305 silly tarball no local data for @floating-ui/core@https://registry.npmmirror.com/@floating-ui/core/-/core-1.7.3.tgz. Extracting by manifest.
306 silly tarball no local data for @floating-ui/utils@https://registry.npmmirror.com/@floating-ui/utils/-/utils-0.2.10.tgz. Extracting by manifest.
307 silly tarball no local data for combined-stream@https://registry.npmmirror.com/combined-stream/-/combined-stream-1.0.8.tgz. Extracting by manifest.
308 silly tarball no local data for normalize-wheel-es@https://registry.npmmirror.com/normalize-wheel-es/-/normalize-wheel-es-1.2.0.tgz. Extracting by manifest.
309 silly tarball no local data for @vueuse/metadata@https://registry.npmmirror.com/@vueuse/metadata/-/metadata-10.11.1.tgz. Extracting by manifest.
310 silly tarball no local data for memoize-one@https://registry.npmmirror.com/memoize-one/-/memoize-one-6.0.0.tgz. Extracting by manifest.
311 silly tarball no local data for lodash-unified@https://registry.npmmirror.com/lodash-unified/-/lodash-unified-1.0.3.tgz. Extracting by manifest.
312 silly tarball no local data for lodash-es@https://registry.npmmirror.com/lodash-es/-/lodash-es-4.17.22.tgz. Extracting by manifest.
313 silly tarball no local data for dayjs@https://registry.npmmirror.com/dayjs/-/dayjs-1.11.19.tgz. Extracting by manifest.
314 silly tarball no local data for @vueuse/core@https://registry.npmmirror.com/@vueuse/core/-/core-10.11.1.tgz. Extracting by manifest.
315 silly tarball no local data for async-validator@https://registry.npmmirror.com/async-validator/-/async-validator-4.2.5.tgz. Extracting by manifest.
316 silly tarball no local data for @types/lodash-es@https://registry.npmmirror.com/@types/lodash-es/-/lodash-es-4.17.12.tgz. Extracting by manifest.
317 silly tarball no local data for @types/lodash@https://registry.npmmirror.com/@types/lodash/-/lodash-4.17.23.tgz. Extracting by manifest.
318 silly tarball no local data for @floating-ui/dom@https://registry.npmmirror.com/@floating-ui/dom/-/dom-1.7.4.tgz. Extracting by manifest.
319 silly tarball no local data for @popperjs/core@https://registry.npmmirror.com/@sxzz/popperjs-es/-/popperjs-es-2.11.7.tgz. Extracting by manifest.
320 silly tarball no local data for @ctrl/tinycolor@https://registry.npmmirror.com/@ctrl/tinycolor/-/tinycolor-3.6.1.tgz. Extracting by manifest.
321 silly tarball no local data for proxy-from-env@https://registry.npmmirror.com/proxy-from-env/-/proxy-from-env-1.1.0.tgz. Extracting by manifest.
322 silly tarball no local data for form-data@https://registry.npmmirror.com/form-data/-/form-data-4.0.5.tgz. Extracting by manifest.
323 silly tarball no local data for pinia@https://registry.npmmirror.com/pinia/-/pinia-3.0.4.tgz. Extracting by manifest.
324 silly tarball no local data for axios@https://registry.npmmirror.com/axios/-/axios-1.13.2.tgz. Extracting by manifest.
325 silly tarball no local data for element-plus@https://registry.npmmirror.com/element-plus/-/element-plus-2.13.1.tgz. Extracting by manifest.
326 silly tarball no local data for @element-plus/icons-vue@https://registry.npmmirror.com/@element-plus/icons-vue/-/icons-vue-2.3.2.tgz. Extracting by manifest.
327 silly tarball no local data for vue-demi@https://registry.npmmirror.com/vue-demi/-/vue-demi-0.14.10.tgz. Extracting by manifest.
328 silly tarball no local data for vue-demi@https://registry.npmmirror.com/vue-demi/-/vue-demi-0.14.10.tgz. Extracting by manifest.
329 silly tarball no local data for @vue/devtools-api@https://registry.npmmirror.com/@vue/devtools-api/-/devtools-api-7.7.9.tgz. Extracting by manifest.
330 http fetch POST 404 https://registry.npmmirror.com/-/npm/v1/security/advisories/bulk 51ms
331 verbose audit error HttpErrorGeneral: 404 Not Found - POST https://registry.npmmirror.com/-/npm/v1/security/advisories/bulk - [NOT_IMPLEMENTED] /-/npm/v1/security/* not implemented yet
331 verbose audit error     at C:\ProgramData\Microsoft\Windows\Start Menu\Programs\Node.js\node_global\node_modules\npm\node_modules\npm-registry-fetch\lib\check-response.js:103:15
331 verbose audit error     at process.processTicksAndRejections (node:internal/process/task_queues:105:5)
331 verbose audit error     at async #getReport (C:\ProgramData\Microsoft\Windows\Start Menu\Programs\Node.js\node_global\node_modules\npm\node_modules\@npmcli\arborist\lib\audit-report.js:275:19)
331 verbose audit error     at async AuditReport.run (C:\ProgramData\Microsoft\Windows\Start Menu\Programs\Node.js\node_global\node_modules\npm\node_modules\@npmcli\arborist\lib\audit-report.js:100:19) {
331 verbose audit error   headers: [Object: null prototype] {
331 verbose audit error     server: [ 'Tengine' ],
331 verbose audit error     date: [ 'Sat, 10 Jan 2026 13:57:01 GMT' ],
331 verbose audit error     'content-type': [ 'application/json' ],
331 verbose audit error     'transfer-encoding': [ 'chunked' ],
331 verbose audit error     connection: [ 'keep-alive' ],
331 verbose audit error     'strict-transport-security': [ 'max-age=5184000' ],
331 verbose audit error     via: [ 'kunlun8.cn6691[,404666]' ],
331 verbose audit error     'timing-allow-origin': [ '*' ],
331 verbose audit error     eagleid: [ '0152e81c17680534213496727e' ],
331 verbose audit error     'x-fetch-attempts': [ '1' ]
331 verbose audit error   },
331 verbose audit error   statusCode: 404,
331 verbose audit error   code: 'E404',
331 verbose audit error   method: 'POST',
331 verbose audit error   uri: 'https://registry.npmmirror.com/-/npm/v1/security/advisories/bulk',
331 verbose audit error   body: {
331 verbose audit error     error: '[NOT_IMPLEMENTED] /-/npm/v1/security/* not implemented yet'
331 verbose audit error   },
331 verbose audit error   pkgid: undefined
331 verbose audit error }
332 silly audit error [object Object]
333 silly audit report null
334 http fetch GET 200 https://cdn.npmmirror.com/packages/birpc/2.9.0/birpc-2.9.0.tgz 276ms (cache miss)
335 http fetch GET 200 https://cdn.npmmirror.com/packages/copy-anything/4.0.5/copy-anything-4.0.5.tgz 290ms (cache miss)
336 http fetch GET 200 https://cdn.npmmirror.com/packages/mitt/3.0.1/mitt-3.0.1.tgz 293ms (cache miss)
337 http fetch GET 200 https://cdn.npmmirror.com/packages/delayed-stream/1.0.0/delayed-stream-1.0.0.tgz 296ms (cache miss)
338 http fetch GET 200 https://cdn.npmmirror.com/packages/%40types/web-bluetooth/0.0.20/web-bluetooth-0.0.20.tgz 314ms (cache miss)
339 http fetch GET 200 https://cdn.npmmirror.com/packages/hookable/5.5.3/hookable-5.5.3.tgz 319ms (cache miss)
340 http fetch GET 200 https://cdn.npmmirror.com/packages/%40vue/devtools-shared/7.7.9/devtools-shared-7.7.9.tgz 320ms (cache miss)
341 http fetch GET 200 https://cdn.npmmirror.com/packages/perfect-debounce/1.0.0/perfect-debounce-1.0.0.tgz 325ms (cache miss)
342 http fetch GET 200 https://cdn.npmmirror.com/packages/combined-stream/1.0.8/combined-stream-1.0.8.tgz 330ms (cache miss)
343 http fetch GET 200 https://cdn.npmmirror.com/packages/es-set-tostringtag/2.1.0/es-set-tostringtag-2.1.0.tgz 337ms (cache miss)
344 http fetch GET 200 https://cdn.npmmirror.com/packages/rfdc/1.4.1/rfdc-1.4.1.tgz 344ms (cache miss)
345 http fetch GET 200 https://cdn.npmmirror.com/packages/has-tostringtag/1.0.2/has-tostringtag-1.0.2.tgz 375ms (cache miss)
346 http fetch GET 200 https://cdn.npmmirror.com/packages/proxy-from-env/1.1.0/proxy-from-env-1.1.0.tgz 387ms (cache miss)
347 http fetch GET 200 https://cdn.npmmirror.com/packages/normalize-wheel-es/1.2.0/normalize-wheel-es-1.2.0.tgz 394ms (cache miss)
348 http fetch GET 200 https://cdn.npmmirror.com/packages/lodash-unified/1.0.3/lodash-unified-1.0.3.tgz 393ms (cache miss)
349 http fetch GET 200 https://cdn.npmmirror.com/packages/%40vueuse/shared/10.11.1/shared-10.11.1.tgz 396ms (cache miss)
350 http fetch GET 200 https://cdn.npmmirror.com/packages/%40vueuse/metadata/10.11.1/metadata-10.11.1.tgz 395ms (cache miss)
351 http fetch GET 200 https://cdn.npmmirror.com/packages/%40floating-ui/core/1.7.3/core-1.7.3.tgz 408ms (cache miss)
352 http fetch GET 200 https://cdn.npmmirror.com/packages/asynckit/0.4.0/asynckit-0.4.0.tgz 414ms (cache miss)
353 http fetch GET 200 https://cdn.npmmirror.com/packages/%40vue/devtools-kit/7.7.9/devtools-kit-7.7.9.tgz 418ms (cache miss)
354 http fetch GET 200 https://cdn.npmmirror.com/packages/memoize-one/6.0.0/memoize-one-6.0.0.tgz 415ms (cache miss)
355 http fetch GET 200 https://cdn.npmmirror.com/packages/vue-demi/0.14.10/vue-demi-0.14.10.tgz 416ms (cache miss)
356 http fetch GET 200 https://cdn.npmmirror.com/packages/%40vue/devtools-api/7.7.9/devtools-api-7.7.9.tgz 416ms (cache miss)
357 http fetch GET 200 https://cdn.npmmirror.com/packages/form-data/4.0.5/form-data-4.0.5.tgz 425ms (cache miss)
358 http cache https://cdn.npmmirror.com/packages/vue-demi/0.14.10/vue-demi-0.14.10.tgz 432ms (cache hit)
359 http fetch GET 200 https://cdn.npmmirror.com/packages/%40floating-ui/dom/1.7.4/dom-1.7.4.tgz 438ms (cache miss)
360 http fetch GET 200 https://cdn.npmmirror.com/packages/%40floating-ui/utils/0.2.10/utils-0.2.10.tgz 451ms (cache miss)
361 http fetch GET 200 https://cdn.npmmirror.com/packages/pinia/3.0.4/pinia-3.0.4.tgz 465ms (cache miss)
362 http fetch GET 200 https://cdn.npmmirror.com/packages/%40vueuse/core/10.11.1/core-10.11.1.tgz 512ms (cache miss)
363 http fetch GET 200 https://cdn.npmmirror.com/packages/superjson/2.2.6/superjson-2.2.6.tgz 529ms (cache miss)
364 http fetch GET 200 https://cdn.npmmirror.com/packages/speakingurl/14.0.1/speakingurl-14.0.1.tgz 537ms (cache miss)
365 http fetch GET 200 https://cdn.npmmirror.com/packages/async-validator/4.2.5/async-validator-4.2.5.tgz 563ms (cache miss)
366 http fetch GET 200 https://cdn.npmmirror.com/packages/%40ctrl/tinycolor/3.6.1/tinycolor-3.6.1.tgz 579ms (cache miss)
367 http fetch GET 200 https://cdn.npmmirror.com/packages/is-what/5.5.0/is-what-5.5.0.tgz 687ms (cache miss)
368 http fetch GET 200 https://cdn.npmmirror.com/packages/%40sxzz/popperjs-es/2.11.7/popperjs-es-2.11.7.tgz 690ms (cache miss)
369 http fetch GET 200 https://cdn.npmmirror.com/packages/axios/1.13.2/axios-1.13.2.tgz 796ms (cache miss)
370 http fetch GET 200 https://cdn.npmmirror.com/packages/%40types/lodash-es/4.17.12/lodash-es-4.17.12.tgz 927ms (cache miss)
371 http fetch GET 200 https://cdn.npmmirror.com/packages/lodash-es/4.17.22/lodash-es-4.17.22.tgz 1310ms (cache miss)
372 http fetch GET 200 https://cdn.npmmirror.com/packages/%40element-plus/icons-vue/2.3.2/icons-vue-2.3.2.tgz 1375ms (cache miss)
373 http fetch GET 200 https://cdn.npmmirror.com/packages/dayjs/1.11.19/dayjs-1.11.19.tgz 1426ms (cache miss)
374 http fetch GET 200 https://cdn.npmmirror.com/packages/%40types/lodash/4.17.23/lodash-4.17.23.tgz 1509ms (cache miss)
375 http fetch GET 200 https://cdn.npmmirror.com/packages/element-plus/2.13.1/element-plus-2.13.1.tgz 13910ms (cache miss)
376 info run vue-demi@0.14.10 postinstall node_modules/@vueuse/core/node_modules/vue-demi node -e "try{require('./scripts/postinstall.js')}catch(e){}"
377 info run vue-demi@0.14.10 postinstall node_modules/@vueuse/shared/node_modules/vue-demi node -e "try{require('./scripts/postinstall.js')}catch(e){}"
378 info run vue-demi@0.14.10 postinstall { code: 0, signal: null }
379 info run vue-demi@0.14.10 postinstall { code: 0, signal: null }
380 silly ADD node_modules/is-what
381 silly ADD node_modules/copy-anything
382 silly ADD node_modules/rfdc
383 silly ADD node_modules/superjson
384 silly ADD node_modules/speakingurl
385 silly ADD node_modules/perfect-debounce
386 silly ADD node_modules/mitt
387 silly ADD node_modules/hookable
388 silly ADD node_modules/birpc
389 silly ADD node_modules/@vue/devtools-shared
390 silly ADD node_modules/@vue/devtools-kit
391 silly ADD node_modules/has-tostringtag
392 silly ADD node_modules/delayed-stream
393 silly ADD node_modules/es-set-tostringtag
394 silly ADD node_modules/combined-stream
395 silly ADD node_modules/asynckit
396 silly ADD node_modules/@vueuse/shared
397 silly ADD node_modules/@vueuse/shared/node_modules/vue-demi
398 silly ADD node_modules/@vueuse/metadata
399 silly ADD node_modules/@types/web-bluetooth
400 silly ADD node_modules/@floating-ui/utils
401 silly ADD node_modules/@floating-ui/core
402 silly ADD node_modules/normalize-wheel-es
403 silly ADD node_modules/memoize-one
404 silly ADD node_modules/lodash-unified
405 silly ADD node_modules/lodash-es
406 silly ADD node_modules/dayjs
407 silly ADD node_modules/async-validator
408 silly ADD node_modules/@vueuse/core
409 silly ADD node_modules/@vueuse/core/node_modules/vue-demi
410 silly ADD node_modules/@types/lodash-es
411 silly ADD node_modules/@types/lodash
412 silly ADD node_modules/@popperjs/core
413 silly ADD node_modules/@floating-ui/dom
414 silly ADD node_modules/@ctrl/tinycolor
415 silly ADD node_modules/proxy-from-env
416 silly ADD node_modules/form-data
417 silly ADD node_modules/pinia
418 silly ADD node_modules/pinia/node_modules/@vue/devtools-api
419 silly ADD node_modules/element-plus
420 silly ADD node_modules/axios
421 silly ADD node_modules/@element-plus/icons-vue
422 verbose cwd C:\Users\zhu61\Desktop\Damai2.0
423 verbose os Windows_NT 10.0.26100
424 verbose node v22.17.1
425 verbose npm  v11.6.2
426 notice
426 notice New [33mminor[39m version of npm available! [33m11.6.2[39m -> [34m11.7.0[39m
426 notice Changelog: [34mhttps://github.com/npm/cli/releases/tag/v11.7.0[39m
426 notice To update run: [4mnpm install -g npm@11.7.0[24m
426 notice  { force: true, [Symbol(proc-log.meta)]: true }
427 verbose exit 0
428 info ok
